
  ___  ____  ____  ____  ____ (R)
 /__    /   ____/   /   ____/
___/   /   /___/   /   /___/   16.0   Copyright 1985-2019 StataCorp LLC
  Statistics/Data Analysis            StataCorp
                                      luochenzhimu.com  
     MP - Parallel Edition            College Station, Texas 77845 USA
                                      800-STATA-PC        http://www.stata.com
                                      979-696-4600        stata@stata.com
                                      979-696-4601 (fax)

Single-user 2-core Stata network license expires 20 Aug 2022:
       Serial number:  501609213901
         Licensed to:  www.carrotchou.blog
                       China

Notes:
      1.  Stata is running in batch mode.
      2.  Unicode is supported; see help unicode_advice.
      3.  More than 2 billion observations are allowed; see help obs_advice.
      4.  Maximum number of variables is set to 5000; see help set_maxvar.

. do C:\Users\Lanr\.ipython\stata\code.do 

. clear

. set more off

. set linesize 200

. log using "C:\Users\Lanr\.ipython\stata\log_output.log", text replace
--------------------------------------------------------------------------------------------------------------------------------------------------------------------------------------------------------
      name:  <unnamed>
       log:  C:\Users\Lanr\.ipython\stata\log_output.log
  log type:  text
 opened on:   2 Jul 2020, 11:06:02

. import delimited "L:\Anaconda\math_note\线性回归、拟合\milk_power.csv", encoding(UTF-8) clear
file L:\Anaconda\math_note\线性回归、拟合\milk_power.csv not found
r(601);

end of do-file
r(601);
